C51 COMPILER V7.50   CODE                                                                  03/26/2021 20:17:01 PAGE 1   


C51 COMPILER V7.50, COMPILATION OF MODULE CODE
OBJECT MODULE PLACED IN code.OBJ
COMPILER INVOKED BY: C:\Keil\C51\BIN\C51.EXE code.c BROWSE DEBUG OBJECTEXTEND

line level    source

   1          #include <reg52.h>
   2          #define Tpwm 0xfc18  //PWM????????1ms,??12MHz??
   3          unsigned int duty[]={0,/*0*/
   4          0xff9c/*100us*/,0xff38/*200us*/,0xfed4/*300us*/,\
   5          0xfe70/*400us*/,0xfe0c/*500us*/,0xfda8/*600us*/,\
   6          0xfd44/*700us*/,0xfce0/*800us*/,0xfc7c/*900us*/,\
   7          0xfc18/*1000us*/};//PWM????? 
   8          unsigned char i=0;
   9          sbit P32 = P3^2;
  10          sbit P33 = P3^3;
  11          sbit PWMOUT = P2^0;
  12          sbit PWMIN1 = P2^1;
  13          sbit PWMIN2 = P2^2;
  14          bit flag = 1;//PWM??????,1????????,0????????    
  15          void delay10ms(int n); 
  16          
  17          void  main(void)
  18          {
  19   1        PWMOUT = 0;//???L293D ,????
  20   1        PWMIN1 = 0;
  21   1        PWMIN2 = 1;
  22   1        EA = 1;  //????
  23   1        IT0 = 1;  //???????
  24   1        IT1 = 1;
  25   1        EX0 = 1;  //??????0  
  26   1        EX1 = 1;  //??????1 
  27   1        ET0 = 1;  //????0????
  28   1        TMOD = 0x01; //??????
  29   1        while(1)  //????
  30   1        {
  31   2        /*??????????*/
  32   2        }
  33   1      }
  34          //10ms????
  35          void delay10ms(int n)
  36          {
  37   1          int i=0,j;
  38   1        while(n--)
  39   1        { 
  40   2           for(i=0;i<10;i++)
  41   2           {
  42   3                for(j = 0; j < 125; j++);
  43   3            }
  44   2        }
  45   1      }
  46          void keySpeeddownISR() interrupt 0 //????????
  47          {
  48   1        EA = 0;   //???
  49   1        delay10ms(2);  //????
  50   1        if (!P32)    //??????,????????
  51   1        {//??PWM????? 
  52   2         if(i>0)
  53   2          i--;  
  54   2         if((TR0=1) && (i == 0))
  55   2         {   
C51 COMPILER V7.50   CODE                                                                  03/26/2021 20:17:01 PAGE 2   

  56   3          TR0 = 0;   
  57   3          PWMOUT = 0;
  58   3         }
  59   2        }
  60   1        EA = 1;
  61   1      }
  62          void keySpeedupISR() interrupt 2 //????????
  63          {
  64   1        EA = 0;   //???
  65   1        delay10ms(2);  //????
  66   1        if (!P33)    //??????,????????
  67   1        {//??PWM????? 
  68   2         if(i<=10)
  69   2          i++;
  70   2         if((TR0 == 0) && (i > 0))   
  71   2         {//??PWM,???????
  72   3          PWMIN1 = 0;
  73   3          PWMIN2 = 1;
  74   3          PWMOUT = 1;
  75   3          TH0 = duty[i]>>8;
  76   3          TL0 = duty[i]&0xff;
  77   3          TR0 = 1;
  78   3          flag = 1;   
  79   3         }
  80   2        }
  81   1        EA = 1;
  82   1      }
  83          void T0ISR() interrupt 1 //???0??????
  84          {
  85   1        EA = 0;   //???
  86   1        if(flag)
  87   1        {//???????,???????PWM??
  88   2         PWMOUT = 0;
  89   2         TH0 = (65535-(duty[i]-Tpwm))>>8;
  90   2         TL0 = (65535-(duty[i]-Tpwm))&0xff;
  91   2         flag = 0;  
  92   2        }else
  93   1        {//????
  94   2         PWMOUT = 1;
  95   2         TH0 = duty[i]>>8;
  96   2         TL0 = duty[i]&0xff;
  97   2         flag = 1;
  98   2        } 
  99   1        EA = 1;
 100   1      }


MODULE INFORMATION:   STATIC OVERLAYABLE
   CODE SIZE        =    370    ----
   CONSTANT SIZE    =   ----    ----
   XDATA SIZE       =   ----    ----
   PDATA SIZE       =   ----    ----
   DATA SIZE        =     23    ----
   IDATA SIZE       =   ----    ----
   BIT SIZE         =      1    ----
END OF MODULE INFORMATION.


C51 COMPILATION COMPLETE.  0 WARNING(S),  0 ERROR(S)
