C51 COMPILER V7.50   CODE                                                                  03/20/2021 16:17:56 PAGE 1   


C51 COMPILER V7.50, COMPILATION OF MODULE CODE
OBJECT MODULE PLACED IN code.OBJ
COMPILER INVOKED BY: C:\Keil\C51\BIN\C51.EXE code.c BROWSE DEBUG OBJECTEXTEND

line level    source

   1          #include<reg52.h>
   2          #define RELOAD_H  ( 65536-50000)/256;  //?????0???
   3          #define RELOAD_L  ( 65536-50000)%256;
   4          extern void BEEP(unsigned int time);
   5          extern void Timer0_Init(void);
   6          extern void Delay(unsigned int n);
   7          extern void Scan_Key(void);
   8          unsigned char ptr,m;
   9          unsigned char dispcode[6];             //????????????
  10          
  11          sbit Beep=P2^0;                     //???????
  12          void main(void)
  13          { 
  14   1        Timer0_Init( );
  15   1         BEEP(100);
  16   1         while(1)
  17   1         { 
  18   2        Scan_Key();              //????
  19   2        }                 
  20   1      }
  21          void Timer0_Init(void)          //???0???  
  22          { 
  23   1        TMOD=0x01;                  //???0,??1
  24   1         TL0=RELOAD_L;               //TL0???0?8????
  25   1         TH0=RELOAD_H;              //TH0???0?8????
  26   1         TR0=1;                 //???/???0???.
  27   1                          //TR0=1:??????? 
  28   1        ET0=1;                       //???/???0????
  29   1        EA=1;                  //??????
  30   1      }
  31          void Timer0_ISR(void) interrupt 1      //???0??????
  32          {
  33   1        
  34   1         static unsigned char j=0;
  35   1         P0=(j<<4)|dispcode[j];          //?????????        
  36   1        if((++j)>1) {j=0;}
  37   1        TL0=RELOAD_L;               //???0???? 
  38   1         TH0=RELOAD_H; 
  39   1      }
  40          void Delay(unsigned int n)            //??
  41          { 
  42   1        unsigned int i,j;
  43   1          for(i=0;i<n;i++)
  44   1          {
  45   2          for(j=0;j<10;j++); 
  46   2        }
  47   1      }
  48          void BEEP(unsigned char n)
  49          { 
*** WARNING C235 IN LINE 49 OF CODE.C: parameter 1: different types
  50   1        Beep=0;
  51   1         Delay(50);
  52   1         Beep=1;
  53   1      }
*** WARNING C280 IN LINE 48 OF CODE.C: 'n': unreferenced local variable
C51 COMPILER V7.50   CODE                                                                  03/20/2021 16:17:56 PAGE 2   

  54          unsigned  char tab[16]={0x01,0x02,0x03,0x04,0x05,0x06,0x07,0x08,
  55                      0x09,0x0a,0x0b,0x0c,0x0d,0x0e,0x0f,0x10  };//?????
  56          void Scan_Key(void)                 // ?????? 
  57          {
  58   1        char a1,i;
  59   1        bit FLAG0=0;
  60   1        a1=0xf7;                         //?????
  61   1        ptr=0;                  
  62   1        for(i=0;i<4;i++)                //??4????
  63   1        {   P1=a1;
  64   2           Delay(10);
  65   2            m=P1;
  66   2            switch(m&0xf0)              //????4?,???????????
  67   2            { 
  68   3            case 0x70:  ptr=i*4;    //???????  ????tab[i*4]?
  69   3            FLAG0=1;            //?????
  70   3            break;          
  71   3             case 0xb0:  ptr=i*4+1;    //???????  ????tab[i*4+1]?
  72   3            FLAG0=1;
  73   3            break;
  74   3             case 0xd0:  ptr=i*4+2;    //???????  ????tab[i*4+2]?
  75   3            FLAG0=1;
  76   3              break;
  77   3            case 0xe0:  ptr=i*4+3;    //???????????tab[i*4+3]?
  78   3            FLAG0=1;
  79   3            break;
  80   3            default:  break;
  81   3          }
  82   2             if( FLAG0 ) 
  83   2           {                          //????????????
  84   3            dispcode[0]=tab[ptr] % 10;  //??????
  85   3             dispcode[1]=tab[ptr] / 10;  //???????
  86   3             BEEP(200);
  87   3            break;  
  88   3          }
  89   2          a1=a1>>1 | 0x80;          //???1,??P1.4~P1.7??+5V,
  90   2                          //?????????
  91   2        }
  92   1      }


MODULE INFORMATION:   STATIC OVERLAYABLE
   CODE SIZE        =    262    ----
   CONSTANT SIZE    =   ----    ----
   XDATA SIZE       =   ----    ----
   PDATA SIZE       =   ----    ----
   DATA SIZE        =     25       3
   IDATA SIZE       =   ----    ----
   BIT SIZE         =   ----       1
END OF MODULE INFORMATION.


C51 COMPILATION COMPLETE.  2 WARNING(S),  0 ERROR(S)
